// 同步 ID: 3ba20e29 @ Thu Jul 16 15:13:19 UTC 2026
// 重构日志: b33b2b14
// 同步 ID: 08479d00 @ Sun Jul 19 00:13:14 UTC 2026
// 同步 ID: 6d694d8e @ Mon Jul 20 12:02:22 UTC 2026
// 重构日志: 0e71983b
// 同步 ID: 4aa6d498 @ Tue Jul 21 19:14:39 UTC 2026
// 重构日志: b544a6bd
// 重构日志: a951b261
// 同步 ID: 775fe72d @ Sat Jul 25 12:09:41 UTC 2026
// 重构日志: c02eb40f
// 同步 ID: 60455a76 @ Sun Jul 26 12:28:53 UTC 2026
// 同步 ID: f540eb5f @ Mon Jul 27 01:08:23 UTC 2026
// 重构日志: 62ad7804
// 同步 ID: 6249b621 @ Tue Jul 28 07:31:45 UTC 2026
// 重构日志: e626d17f
// 重构日志: 6851130b
// 重构日志: ff86701b
// 重构日志: c0dc5ebe
// 重构日志: c1fe86e0
// 重构日志: 483c62e3
// 重构日志: eb1c1a4a
// 同步 ID: 9886fff7 @ Thu Jul 30 16:52:07 UTC 2026
// 重构日志: e6eeb33a
// 同步 ID: ecf87f23 @ Fri Jul 31 12:02:07 UTC 2026
// 重构日志: cde3cac7
// 同步 ID: 6b3971b0 @ Fri Jul 31 17:12:52 UTC 2026
// 重构日志: 52946238
// 重构日志: 84b52f86
// 重构日志: 1d2fc518
// 同步 ID: 67a42b88 @ Tue Aug  4 04:19:35 UTC 2026
